Godot Engine v4.7.2.stable.official.ed1daf0bf - https://godotengine.org

[   0% ] [90m[1mfirst_scan_filesystem[22m | Started Project initialization (5 steps)[39m[0m
[   0% ] [90m[1mfirst_scan_filesystem[22m | Scanning file structure...[39m[0m
[  16% ] [90m[1mfirst_scan_filesystem[22m | Loading global class names...[39m[0m
[  33% ] [90m[1mfirst_scan_filesystem[22m | Verifying GDExtensions...[39m[0m
Initialize godot-rust (API v4.7.2.stable.official, runtime v4.7.2.stable.official, safeguards balanced)
[  50% ] [90m[1mfirst_scan_filesystem[22m | Creating autoload scripts...[39m[0m
[  66% ] [90m[1mfirst_scan_filesystem[22m | Initializing plugins...[39m[0m
[  83% ] [90m[1mfirst_scan_filesystem[22m | Starting file scan...[39m[0m
[92m[ DONE ][39m [1mfirst_scan_filesystem[22m
[0m
[   0% ] [90m[1mupdate_scripts_classes[22m | Started Registering global classes... (3 steps)[39m[0m
[   0% ] [90m[1mupdate_scripts_classes[22m | [39m[0m
[  25% ] [90m[1mupdate_scripts_classes[22m | [39m[0m
[  50% ] [90m[1mupdate_scripts_classes[22m | [39m[0m
[92m[ DONE ][39m [1mupdate_scripts_classes[22m
[0m
[   0% ] [90m[1mloading_editor_layout[22m | Started Loading editor (5 steps)[39m[0m
[   0% ] [90m[1mloading_editor_layout[22m | Loading editor layout...[39m[0m
[  16% ] [90m[1mloading_editor_layout[22m | Loading docks...[39m[0m
[92m[ DONE ][39m [1mloading_editor_layout[22m
[0m

================================================================
handle_crash: Program crashed with signal 11
Engine version: Godot Engine v4.7.2.stable.official (ed1daf0bf001b61586d9930840f2f1394092c079)
Dumping the backtrace. Please include this when reporting the bug on: https://github.com/godotengine/godot/issues
Load address: 104a6c000

[1] 1898cd6a4 (libsystem_platform.dylib+36a4) - _sigtramp + 56
[2] 106c24dbc (main+21b8dbc) - SDL_GetPerformanceFrequency + 4162848
[3] 106c043c0 (main+21983c0) - SDL_GetPerformanceFrequency + 4029220
[4] 106c4569c (main+21d969c) - SDL_GetPerformanceFrequency + 4296192
[5] 1097f837c (main+4d8c37c) - ZSTD_decompressStream_simpleArgs + 6538008
[6] 1097f8664 (main+4d8c664) - ZSTD_decompressStream_simpleArgs + 6538752
[7] 1051de94c (main+77294c) - main + 155224
[8] 105156578 (main+6ea578) - mvk::SPIRVToMSLConverter::convert(mvk::SPIRVToMSLConversionConfiguration&, mvk::SPIRVToMSLConversionResult&, bool, bool, bool)
[9] 1051b8ea4 (main+74cea4) - main (in Godot) + 944
[10] 1894f2b98 (dyld+6b98) - start + 6076
-- END OF C++ BACKTRACE --
================================================================
