Godot Engine v4.7.2.stable.official.ed1daf0bf - https://godotengine.org

[   0% ] [90m[1mfirst_scan_filesystem[22m | Started Project initialization (5 steps)[39m[0m
[   0% ] [90m[1mfirst_scan_filesystem[22m | Scanning file structure...[39m[0m
[  16% ] [90m[1mfirst_scan_filesystem[22m | Loading global class names...[39m[0m
[  33% ] [90m[1mfirst_scan_filesystem[22m | Verifying GDExtensions...[39m[0m
ERROR: No GDExtension library found for current OS and architecture (linux.x86_64) in configuration file: res://tacord.gdextension
   at: parse_gdextension_file (core/extension/gdextension_library_loader.cpp:369)
ERROR: GDExtension dynamic library not found: 'res://tacord.gdextension'.
   at: open_library (core/extension/gdextension.cpp:810)
[  50% ] [90m[1mfirst_scan_filesystem[22m | Creating autoload scripts...[39m[0m
[  66% ] [90m[1mfirst_scan_filesystem[22m | Initializing plugins...[39m[0m
[  83% ] [90m[1mfirst_scan_filesystem[22m | Starting file scan...[39m[0m
[92m[ DONE ][39m [1mfirst_scan_filesystem[22m
[0m
[   0% ] [90m[1mupdate_scripts_classes[22m | Started Registering global classes... (3 steps)[39m[0m
[   0% ] [90m[1mupdate_scripts_classes[22m | [39m[0m
[  25% ] [90m[1mupdate_scripts_classes[22m | [39m[0m
[  50% ] [90m[1mupdate_scripts_classes[22m | [39m[0m
[92m[ DONE ][39m [1mupdate_scripts_classes[22m
[0m
ERROR: No GDExtension library found for current OS and architecture (linux.x86_64) in configuration file: res://tacord.gdextension
   at: parse_gdextension_file (core/extension/gdextension_library_loader.cpp:369)
ERROR: GDExtension dynamic library not found: 'res://tacord.gdextension'.
   at: open_library (core/extension/gdextension.cpp:810)
[   0% ] [90m[1mloading_editor_layout[22m | Started Loading editor (5 steps)[39m[0m
[   0% ] [90m[1mloading_editor_layout[22m | Loading editor layout...[39m[0m
[  16% ] [90m[1mloading_editor_layout[22m | Loading docks...[39m[0m
[92m[ DONE ][39m [1mloading_editor_layout[22m
[0m
SCRIPT ERROR: Parse Error: Could not find type "SimRoot" in the current scope.
          at: GDScript::reload (res://scripts/main.gd:10)
ERROR: Failed to load script "res://scripts/main.gd" with error "Parse error".
   at: load (modules/gdscript/gdscript_resource_format.cpp:46)
ERROR: Cannot get class 'SimRoot'.
   at: _instantiate_internal (core/object/class_db.cpp:587)
SCRIPT ERROR: Parse Error: Could not find type "SimRoot" in the current scope.
          at: GDScript::reload (res://scripts/main.gd:10)
