Thu Oct  1 18:26:57 UTC 2026
run_id=36906823108 runner=Linux X64
x86_64
/home/runner/work/tacord/tacord
--- godot/bin ---
total 4976
drwxr-xr-x 2 runner runner    4096 Oct  1 18:26 .
drwxr-xr-x 6 runner runner    4096 Oct  1 18:26 ..
-rwxr-xr-x 1 runner runner 5084824 Oct  1 18:26 libtacord_gdext.so
--- tacord.gdextension ---
[configuration]

entry_symbol = "gdext_rust_init"
compatibility_minimum = 4.7
reloadable = true

[libraries]

# 路径必须在 res:// **内部**：导出时 Godot 要把这些文件一起拷进产物，
# 放在项目外（res://../…）桌面端能跑，但导出（尤其 Web）会漏文件。
linux.x86_64 = "res://bin/libtacord_gdext.so"
macos.arm64 = "res://bin/libtacord_gdext.dylib"
windows.x86_64 = "res://bin/tacord_gdext.dll"
# Web：单线程侧模块（与 export_presets.cfg 里的 "Thread Support = off" 对应）
web.debug.wasm32 = "res://bin/tacord_gdext.wasm"
web.release.wasm32 = "res://bin/tacord_gdext.wasm"
--- Godot 认为的 feature ---
ERROR: No GDExtension library found for current OS and architecture (linux.x86_64) in configuration file: res://tacord.gdextension
   at: parse_gdextension_file (core/extension/gdextension_library_loader.cpp:369)
ERROR: GDExtension dynamic library not found: 'res://tacord.gdextension'.
   at: open_library (core/extension/gdextension.cpp:810)
ERROR: Error loading extension: 'res://tacord.gdextension'.
   at: load_extensions (core/extension/gdextension_manager.cpp:333)
Godot Engine v4.7.2.stable.official.ed1daf0bf - https://godotengine.org

[diag] os=Linux arch=x86_64
[diag] feature linux=true
[diag] feature macos=false
[diag] feature x86_64=true
[diag] feature arm64=false
[diag] feature web=false
[diag] feature wasm32=false
[diag] feature debug=true
[diag] feature release=false
[diag] config load err=0
[diag] sections=["configuration", "libraries"]
[diag] key='#è·¯å¾å¿é¡»å¨res://**åé¨**ï¼å¯¼åºæ¶Godotè¦æè¿äºæä»¶ä¸èµ·æ·è¿äº§ç©ï¼#æ¾å¨é¡¹ç®å¤ï¼res://../â¦ï¼æ¡é¢ç«¯è½è·ï¼ä½å¯¼åºï¼å°¤å¶Webï¼ä¼æ¼æä»¶ãlinux.x86_64' tags=["#è·¯å¾å¿é¡»å¨res://**åé¨**ï¼å¯¼åºæ¶Godotè¦æè¿äºæä»¶ä¸èµ·æ·è¿äº§ç©ï¼#æ¾å¨é¡¹ç®å¤ï¼res://", "", "/â¦ï¼æ¡é¢ç«¯è½è·ï¼ä½å¯¼åºï¼å°¤å¶Webï¼ä¼æ¼æä»¶ãlinux", "x86_64"] 全部命中=false value='res://bin/libtacord_gdext.so' 文件存在=true
[diag] key='macos.arm64' tags=["macos", "arm64"] 全部命中=false value='res://bin/libtacord_gdext.dylib' 文件存在=false
[diag] key='windows.x86_64' tags=["windows", "x86_64"] 全部命中=false value='res://bin/tacord_gdext.dll' 文件存在=false
[diag] key='Thread Support = offå¯¹åºï¼web.debug.wasm32' tags=["Thread Support = offå¯¹åºï¼web", "debug", "wasm32"] 全部命中=false value='res://bin/tacord_gdext.wasm' 文件存在=false
[diag] key='web.release.wasm32' tags=["web", "release", "wasm32"] 全部命中=false value='res://bin/tacord_gdext.wasm' 文件存在=false
[diag] res:// 顶层: scenes
[diag] res:// 顶层: project.godot
[diag] res:// 顶层: tacord.gdextension.uid
[diag] res:// 顶层: scripts
[diag] res:// 顶层: export_presets.cfg
[diag] res:// 顶层: tacord.gdextension
[diag] res:// 顶层: bin
[diag] res://bin 列表: ["libtacord_gdext.so"]
--- smoke ---
ERROR: No GDExtension library found for current OS and architecture (linux.x86_64) in configuration file: res://tacord.gdextension
   at: parse_gdextension_file (core/extension/gdextension_library_loader.cpp:369)
ERROR: GDExtension dynamic library not found: 'res://tacord.gdextension'.
   at: open_library (core/extension/gdextension.cpp:810)
ERROR: Error loading extension: 'res://tacord.gdextension'.
   at: load_extensions (core/extension/gdextension_manager.cpp:333)
Godot Engine v4.7.2.stable.official.ed1daf0bf - https://godotengine.org

SCRIPT ERROR: Parse Error: Could not find type "SimRoot" in the current scope.
          at: GDScript::reload (res://scripts/smoke.gd:12)
SCRIPT ERROR: Parse Error: Cannot infer the type of "cs0" variable because the value doesn't have a set type.
          at: GDScript::reload (res://scripts/smoke.gd:15)
SCRIPT ERROR: Parse Error: Cannot infer the type of "pos0" variable because the value doesn't have a set type.
          at: GDScript::reload (res://scripts/smoke.gd:18)
ERROR: Failed to load script "res://scripts/smoke.gd" with error "Parse error".
   at: load (modules/gdscript/gdscript_resource_format.cpp:46)
smoke 退出码: 1
