commit: d6b409751ccead30694b4722d2c98e5002611f08
runner: x86_64 / INTEL(R) XEON(R) PLATINUM 8573C
date: Thu Oct  1 16:43:25 UTC 2026
ticks: 100000

=== A 最坏情况：400 单位 · 4 射线/tick · 128m 世界 · 不限长 ===
── sim_cli bench ─────────────────────────────
世界        : 256 柱（128 m），65821 段
单位        : 400
tick 数     : 100000
射线/tick   : 4（合计 160000000）
命中率      : 15.5%
退化射线    : 0（截断把射线砍成 0 长度的数量，必须恒为 0）
每 tick 耗时: 平均 2553.9 µs | p50 2547.2 | p90 2604.9 | p99 2751.9 | max 5630.1
射线吞吐    : 626498 ray/s（0.63 M ray/s，单条 1.60 µs）
预算对照    : p99 2751.9 µs / 11000 µs（每 tick 预算）= 25.02%
世界校验和  : 0xBCDB03CC976971A2
（注意：这是纯射线负载的基线，尚未包含 AI 决策与掩体评分）

=== B 掩体评分（真实分布）：4 射线/tick · 截断到 30m ===
── sim_cli bench ─────────────────────────────
世界        : 256 柱（128 m），65821 段
单位        : 400
tick 数     : 100000
射线/tick   : 4（合计 160000000）
射线长度上限: 30 m
命中率      : 6.9%
退化射线    : 0（截断把射线砍成 0 长度的数量，必须恒为 0）
每 tick 耗时: 平均 1376.4 µs | p50 1373.2 | p90 1387.1 | p99 1439.1 | max 3436.7
射线吞吐    : 1162492 ray/s（1.16 M ray/s，单条 0.86 µs）
预算对照    : p99 1439.1 µs / 11000 µs（每 tick 预算）= 13.08%
世界校验和  : 0xBCDB03CC976971A2
（注意：这是纯射线负载的基线，尚未包含 AI 决策与掩体评分）

=== C 感知 LOS（真实分布）：1 射线/tick · 截断到 80m ===
── sim_cli bench ─────────────────────────────
世界        : 256 柱（128 m），65821 段
单位        : 400
tick 数     : 100000
射线/tick   : 1（合计 40000000）
射线长度上限: 80 m
命中率      : 13.9%
退化射线    : 0（截断把射线砍成 0 长度的数量，必须恒为 0）
每 tick 耗时: 平均 604.5 µs | p50 603.1 | p90 622.3 | p99 655.7 | max 2344.2
射线吞吐    : 661728 ray/s（0.66 M ray/s，单条 1.51 µs）
预算对照    : p99 655.7 µs / 11000 µs（每 tick 预算）= 5.96%
世界校验和  : 0xBCDB03CC976971A2
（注意：这是纯射线负载的基线，尚未包含 AI 决策与掩体评分）

=== D 压力：8 射线/tick · 不限长 ===
── sim_cli bench ─────────────────────────────
世界        : 256 柱（128 m），65821 段
单位        : 400
tick 数     : 25000
射线/tick   : 8（合计 80000000）
命中率      : 15.5%
退化射线    : 0（截断把射线砍成 0 长度的数量，必须恒为 0）
每 tick 耗时: 平均 5080.1 µs | p50 5070.6 | p90 5166.6 | p99 5439.0 | max 10929.3
射线吞吐    : 629903 ray/s（0.63 M ray/s，单条 1.59 µs）
预算对照    : p99 5439.0 µs / 11000 µs（每 tick 预算）= 49.45%
世界校验和  : 0xBCDB03CC976971A2
（注意：这是纯射线负载的基线，尚未包含 AI 决策与掩体评分）

=== E 单条成本：1 单位 · 不限长 ===
── sim_cli bench ─────────────────────────────
世界        : 256 柱（128 m），65821 段
单位        : 1
tick 数     : 200000
射线/tick   : 4（合计 800000）
命中率      : 15.3%
退化射线    : 0（截断把射线砍成 0 长度的数量，必须恒为 0）
每 tick 耗时: 平均 6.4 µs | p50 6.2 | p90 9.0 | p99 12.0 | max 74.5
射线吞吐    : 625849 ray/s（0.63 M ray/s，单条 1.60 µs）
预算对照    : p99 12.0 µs / 11000 µs（每 tick 预算）= 0.11%
世界校验和  : 0xBCDB03CC976971A2
（注意：这是纯射线负载的基线，尚未包含 AI 决策与掩体评分）
