── sim_cli worldcheck ────────────────────────
世界        : 64 柱（32 m），4124 段
射线自检    : 2000 条，阻挡 93
破坏        : 摧毁 4 段，脏 chunk 4 个
校验和      : 0x8CA4A32FE8A5A82C → 0x7E4B33EFC469518C（已变，正常）
OK
── sim_cli bench ─────────────────────────────
世界        : 256 柱（128 m），65821 段
单位        : 400
tick 数     : 20000
射线/tick   : 4（合计 32000000）
命中率      : 15.4%
退化射线    : 0（截断把射线砍成 0 长度的数量，必须恒为 0）
每 tick 耗时: 平均 2951.3 µs | p50 2944.7 | p90 3020.8 | p99 3141.7 | max 6238.0
射线吞吐    : 542129 ray/s（0.54 M ray/s，单条 1.84 µs）
预算对照    : p99 3141.7 µs / 11000 µs（每 tick 预算）= 28.56%
世界校验和  : 0xBCDB03CC976971A2
（注意：这是纯射线负载的基线，尚未包含 AI 决策与掩体评分）
── sim_cli nav ──────────────────────────────
世界        : 256 柱（128 m），65818 段
可站立柱    : 65536 / 65536（100.0%）
目标柱      : (254, 254)；流场覆盖 65365 柱
高度场构建  : 590 µs（全量）
流场首次计算: 4994 µs；之后每 15 tick 重算一次：p50 4934 µs | p99 5171 µs（共 133 次）
单位        : 400（生成 400；步行 50 mm/tick）
每 tick 移动: 平均 20.9 µs | p50 20 | p90 23 | p99 31 | max 46
预算对照    : p99 31 µs / 11000 µs（每 tick 预算）= 0.28%
到达        : 0 / 400，平均 0.0 s，最长 0.0 s
卡住        : 0 单位·tick（流场不可达；正常时应为 0）
破坏演示    : tick 500 炸开 (99, 87) → 流场覆盖 65365 → 65366 柱（新通路）
位置校验和  : 0xA039B9BA527824E8（跨平台逐位比对用）
── sim_cli cover ──────────────────────────────
世界: 256×256 柱（128 m 见方）
高度场重建: 608 µs
掩体派生:   1407 µs  →  752 个槽
平均: 高 3963 mm / 宽 4279 mm
  战壕         1
  矮墙        34
  高墙       344
  转角        98
  窗洞       194
  残骸        64
  窄柱        17
掩体场校验和: 0x51E7561A501A7100

反脚本化验证（§20.1.8）: 100 次随机遭遇
  3 秒内 blocking ≥ 0.7: 7/100 = 7.0%   （目标 ≥ 95%）
  每 trial 平均 258 µs
cover_rate_pct=7.0
───────────────────────────────────────────────
