Godot Engine v4.7.2.stable.official.ed1daf0bf - https://godotengine.org

[   0% ] [90m[1mfirst_scan_filesystem[22m | Started Project initialization (5 steps)[39m[0m
[   0% ] [90m[1mfirst_scan_filesystem[22m | Scanning file structure...[39m[0m
[  16% ] [90m[1mfirst_scan_filesystem[22m | Loading global class names...[39m[0m
[  33% ] [90m[1mfirst_scan_filesystem[22m | Verifying GDExtensions...[39m[0m
ERROR: Can't open dynamic library, file not found: '/home/runner/work/tacord/tacord/godot/bin/libtacord_gdext.so'.
   at: open_dynamic_library (drivers/unix/os_unix.cpp:1063)
ERROR: GDExtension dynamic library not found: 'res://tacord.gdextension'.
   at: open_library (core/extension/gdextension.cpp:810)
[  50% ] [90m[1mfirst_scan_filesystem[22m | Creating autoload scripts...[39m[0m
[  66% ] [90m[1mfirst_scan_filesystem[22m | Initializing plugins...[39m[0m
[  83% ] [90m[1mfirst_scan_filesystem[22m | Starting file scan...[39m[0m
[92m[ DONE ][39m [1mfirst_scan_filesystem[22m
[0m
[   0% ] [90m[1mupdate_scripts_classes[22m | Started Registering global classes... (3 steps)[39m[0m
[   0% ] [90m[1mupdate_scripts_classes[22m | [39m[0m
[  25% ] [90m[1mupdate_scripts_classes[22m | [39m[0m
[  50% ] [90m[1mupdate_scripts_classes[22m | [39m[0m
[92m[ DONE ][39m [1mupdate_scripts_classes[22m
[0m
ERROR: Can't open dynamic library, file not found: '/home/runner/work/tacord/tacord/godot/bin/libtacord_gdext.so'.
   at: open_dynamic_library (drivers/unix/os_unix.cpp:1063)
ERROR: GDExtension dynamic library not found: 'res://tacord.gdextension'.
   at: open_library (core/extension/gdextension.cpp:810)
[   0% ] [90m[1msavepack[22m | Started Packing (102 steps)[39m[0m
SCRIPT ERROR: Parse Error: Could not find type "SimRoot" in the current scope.
          at: GDScript::reload (res://scripts/main.gd:10)
ERROR: Failed to load script "res://scripts/main.gd" with error "Parse error".
   at: load (modules/gdscript/gdscript_resource_format.cpp:46)
ERROR: Cannot get class 'SimRoot'.
   at: _instantiate_internal (core/object/class_db.cpp:587)
[   1% ] [90m[1msavepack[22m | Storing File: res://.godot/exported/133200997/export-3ad5c15c4f3250da0cc7c1af1770d85f-main.scn[39m[0m
[  21% ] [90m[1msavepack[22m | Storing File: res://scripts/features.gdc[39m[0m
[  40% ] [90m[1msavepack[22m | Storing File: res://scripts/main.gdc[39m[0m
[  60% ] [90m[1msavepack[22m | Storing File: res://scripts/smoke.gdc[39m[0m
[  79% ] [90m[1msavepack[22m | Storing File: res://tacord.gdextension[39m[0m
[  79% ] [90m[1msavepack[22m | Storing File: res://scenes/main.tscn.remap[39m[0m
[  79% ] [90m[1msavepack[22m | Storing File: res://scripts/features.gd.remap[39m[0m
[  79% ] [90m[1msavepack[22m | Storing File: res://scripts/main.gd.remap[39m[0m
[  79% ] [90m[1msavepack[22m | Storing File: res://scripts/smoke.gd.remap[39m[0m
[  79% ] [90m[1msavepack[22m | Storing File: res://.godot/global_script_class_cache.cfg[39m[0m
[  79% ] [90m[1msavepack[22m | Storing File: res://.godot/extension_list.cfg[39m[0m
[  79% ] [90m[1msavepack[22m | Storing File: res://.godot/uid_cache.bin[39m[0m
[  79% ] [90m[1msavepack[22m | Storing File: res://project.binary[39m[0m
[92m[ DONE ][39m [1msavepack[22m
[0m
SCRIPT ERROR: Parse Error: Could not find type "SimRoot" in the current scope.
          at: GDScript::reload (res://scripts/main.gd:10)
