=== /tmp ===
total 116
drwxrwxrwt 14 root   root    4096 Oct  2 08:25 .
drwxr-xr-x 23 root   root    4096 Oct  2 08:24 ..
drwxrwxrwt  2 root   root    4096 Oct  2 08:24 .ICE-unix
drwxrwxrwt  2 root   root    4096 Oct  2 08:24 .X11-unix
drwxrwxrwt  2 root   root    4096 Oct  2 08:24 .XIM-unix
drwxrwxrwt  2 root   root    4096 Oct  2 08:24 .font-unix
prwx------  1 runner runner     0 Oct  2 08:24 clr-debug-pipe-2093-2481-in
prwx------  1 runner runner     0 Oct  2 08:24 clr-debug-pipe-2093-2481-out
prwx------  1 runner runner     0 Oct  2 08:24 clr-debug-pipe-2130-2745-in
prwx------  1 runner runner     0 Oct  2 08:24 clr-debug-pipe-2130-2745-out
srw-------  1 runner runner     0 Oct  2 08:24 dotnet-diagnostic-2093-2481-socket
srw-------  1 runner runner     0 Oct  2 08:24 dotnet-diagnostic-2130-2745-socket
-rw-r--r--  1 runner runner   815 Oct  2 08:24 http.log
drwx------  2 root   root    4096 Oct  2 08:24 snap-private-tmp
drwx------  3 root   root    4096 Oct  2 08:24 systemd-private-0717da124d794ff6aa1d853edb702111-ModemManager.service-PDdCar
drwx------  3 root   root    4096 Oct  2 08:24 systemd-private-0717da124d794ff6aa1d853edb702111-chrony.service-ktWbVe
drwx------  3 root   root    4096 Oct  2 08:24 systemd-private-0717da124d794ff6aa1d853edb702111-haveged.service-DbZOzE
drwx------  3 root   root    4096 Oct  2 08:24 systemd-private-0717da124d794ff6aa1d853edb702111-polkit.service-zgvLsD
drwx------  3 root   root    4096 Oct  2 08:24 systemd-private-0717da124d794ff6aa1d853edb702111-systemd-logind.service-XJkIFw
=== gh 探测 ===
gh version 2.101.0 (2026-09-15)
1121427423/tacord
=== GH_TOKEN 有没有设 ===
已设
存 ci/perf/web-shot.png（46200 字节，base64 61600）
{"content":{"name":"web-shot.png","path":"ci/perf/web-shot.png","sha":"fa84a8d3f6abd40869c35652a375dde5f0a55486","size":46200,"url":"https://api.github.com/repos/1121427423/tacord/contents/ci/perf/web-shot.png?ref=ci/artifacts","html_url":"https://github.com/1121427423/tacord/blob/ci/artifacts/ci/pe
存 ci/perf/web-console.log（670 字节，base64 896）
{"content":{"name":"web-console.log","path":"ci/perf/web-console.log","sha":"e9c94b75275d3a71ae742101436477eebe9eb15b","size":670,"url":"https://api.github.com/repos/1121427423/tacord/contents/ci/perf/web-console.log?ref=ci/artifacts","html_url":"https://github.com/1121427423/tacord/blob/ci/artifact
